// Jest Snapshot v1, https://goo.gl/fbAQLP

exports[`Test Category Component Should match Category snapshot and render correctly 1`] = `"Loading..."`;
