// Jest Snapshot v1, https://goo.gl/fbAQLP

exports[`Test Home Component Should match Home snapshot and render correctly 1`] = `""`;
