// Jest Snapshot v1, https://goo.gl/fbAQLP

exports[`Test Error Component Should match Error snapshot and render correctly 1`] = `""`;
