// Jest Snapshot v1, https://goo.gl/fbAQLP

exports[`Test Footer Component Should match Footer snapshot and render correctly 1`] = `
<div
  className="footer"
>
  <div
    className="wrapper"
  >
    <div
      className="footer__top"
    >
      
      
      
    </div>
    <div
      className="footer__bottom"
    >
      Â© 2020 CODEYTEK ACADEMY.
      
    </div>
  </div>
</div>
`;
